{
  "param5": 888,
  "param6": "p6",
  "sub": {
    "param7": 999
  }
}