[
  ["wifi", "o", {"hide": true}],
  ["wifi.sta", "o", {}],
  ["wifi.sta.ssid", "s", {"title": "SSID"}],
  ["wifi.sta.pass", "s", {"title": "Password", "type": "password"}],
  ["wifi.ap", "o", {"title": "WiFi Access Point"}],
  ["wifi.ap.enable", "b", {"title": "Enable"}],
  ["wifi.ap.ssid", "s", {"title": "SSID"}],
  ["wifi.ap.pass", "s", {"title": "Password", "type": "password"}],
  ["wifi.ap.channel", "i", {"title": "Channel"}],
  ["wifi.ap.dhcp_end", "s", {"title": "DHCP End Address"}],
  ["foo", "i", {}],
  ["http", "o", {"title": "HTTP Server"}],
  ["http.enable", "b", {"title": "Enable HTTP Server"}],
  ["http.port", "i", {"title": "Listening port"}],
  ["debug", "o", {"title": "Debug Settings"}],
  ["debug.level", "i", {"title": "Level", "type": "select", "values": [{"title": "NONE", "value": -1}, {"title": "ERROR", "value": 0}, {"title": "WARN", "value": 1}, {"title": "INFO", "value": 2}, {"title": "DEBUG", "value": 3}, {"title": "VERBOSE_DEBUG", "value": 4}]}],
  ["debug.dest", "s", {"title": "Where to send debug"}],
  ["debug.file_level", "s", {"title": "File level"}],
  ["debug.test_d1", "d", {"title": "Test doubles 1"}],
  ["debug.test_d2", "d", {}],
  ["debug.test_d3", "d", {}],
  ["debug.test_f1", "f", {"title": "Test float 1"}],
  ["debug.test_f2", "f", {}],
  ["debug.test_f3", "f", {}],
  ["debug.test_ui", "ui", {}],
  ["debug.empty", "o", {"title": "Empty object with no fields"}],
  ["test", "o", {}],
  ["test.bar1", "o", {}],
  ["test.bar1.enable", "b", {}],
  ["test.bar1.param1", "i", {}],
  ["test.bar1.inner", "o", {}],
  ["test.bar1.inner.param2", "s", {}],
  ["test.bar1.inner.param3", "i", {}],
  ["test.bar1.baz", "o", {}],
  ["test.bar1.baz.bazaar", "b", {}],
  ["test.bar2", "o", {}],
  ["test.bar2.enable", "b", {}],
  ["test.bar2.param1", "i", {}],
  ["test.bar2.inner", "o", {}],
  ["test.bar2.inner.param2", "s", {}],
  ["test.bar2.inner.param3", "i", {}],
  ["test.bar2.baz", "o", {}],
  ["test.bar2.baz.bazaar", "b", {}]
]
