{
  "wifi": {
    "sta": {
      "ssid": "cookadoodadoo",
      "pass": "try less cork"
    },
    "ap": {
      "enable": false,
      "ssid": "Quote \" me \\\\ please",
      "pass": "",
      "channel": 6,
      "dhcp_end": "192.168.4.200"
    }
  },
  "foo": 123,
  "http": {
    "enable": false,
    "port": 80
  },
  "debug": {
    "level": 1,
    "dest": "uart1",
    "file_level": "mgos_bar=1",
    "test_d1": 2.000000,
    "test_d2": 111.000000,
    "test_d3": 0.000100,
    "test_f1": 0.123000,
    "test_f2": 11.500000,
    "test_f3": 0.000010,
    "test_ui": 4294967295,
    "empty": {
    }
  },
  "test": {
    "bar1": {
      "enable": false,
      "param1": 1111,
      "inner": {
        "param2": "p2",
        "param3": 3333
      },
      "baz": {
        "bazaar": false
      }
    },
    "bar2": {
      "enable": false,
      "param1": 2222,
      "inner": {
        "param2": "p2",
        "param3": 3333
      },
      "baz": {
        "bazaar": true
      }
    }
  }
}