{"enable":false,"param1":1111,"inner":{"param2":"p2","param3":3333},"baz":{"bazaar":false}}